// Jest Snapshot v1, https://goo.gl/fbAQLP

exports[`RestaurantImg should render correctly 1`] = `
<img
  alt="RestaurantImg"
  src="kithcen.png"
/>
`;
